// Jest Snapshot v1, https://goo.gl/fbAQLP

exports[`Load Table reducer App 1`] = `
<h4>
  Elementos
</h4>
`;

exports[`Load Table reducer Details page for Carbon 1`] = `Promise {}`;

exports[`Load Table reducer Home 1`] = `
<h3>
  Carbon
</h3>
`;
